// Jest Snapshot v1, https://goo.gl/fbAQLP

exports[`Matches the snapshot with Questions Card 1`] = `
<div
  className="card"
>
  <a
    href="/questions/1"
    onClick={[Function]}
    rel="noopener"
    title="Favourite programming language?"
  >
    <h3
      className="card__title ellipsis"
    >
      Favourite programming language?
    </h3>
    <p>
      Published Date: 
      <strong>
        12/Jun/2020
      </strong>
    </p>
    <p>
      Choices: 
      <strong>
        1
      </strong>
    </p>
  </a>
</div>
`;
